{
    "cluster": {
        "health": "green",
        "state": "normal"
    },
    "nodes": [
        {
            "identity": {
                "name": "ip-10-1-1-15.eu-central-1.compute.internal",
                "kubelet_version": "v1.14.6",
                "operator_version": "5.3.0",
                "role": "worker",
                "ip": "10.1.1.15",
                "hostname": "ip-10-1-1-15.eu-central-1.compute.internal",
                "instance_type": "m4.xlarge",
                "availability_region": "eu-central-1",
                "availability_zone": "eu-central-1c"
            },
            "machine": {
                "cpu_count": 4,
                "memory_capacity_bytes": 16817954816,
                "memory_allocatable_bytes": 15400280064,
                "ephemeral_storage_capacity_bytes": 107321753600,
                "ephemeral_storage_allocatable_bytes": 106248011776,
                "attachable_volume_allocatable_count": 39,
                "attachable_volume_capacity_count": 39,
                "docker_volume_size_gb": 10
            },
            "ready": true,
            "health": "green",
            "request_totals": {
                "cpu": 1440,
                "memory_bytes": 1494220800
            },
            "limit_totals": {
                "cpu": 790,
                "memory_bytes": 781189120
            }
        },
        {
            "identity": {
                "name": "ip-10-1-1-34.eu-central-1.compute.internal",
                "kubelet_version": "v1.14.6",
                "operator_version": "5.3.0",
                "role": "worker",
                "ip": "10.1.1.34",
                "hostname": "ip-10-1-1-34.eu-central-1.compute.internal",
                "instance_type": "m4.xlarge",
                "availability_region": "eu-central-1",
                "availability_zone": "eu-central-1c"
            },
            "machine": {
                "cpu_count": 4,
                "memory_capacity_bytes": 16817954816,
                "memory_allocatable_bytes": 15400280064,
                "ephemeral_storage_capacity_bytes": 107321753600,
                "ephemeral_storage_allocatable_bytes": 106248011776,
                "attachable_volume_allocatable_count": 39,
                "attachable_volume_capacity_count": 39,
                "docker_volume_size_gb": 10
            },
            "ready": true,
            "health": "green",
            "request_totals": {
                "cpu": 1200,
                "memory_bytes": 1255145472
            },
            "limit_totals": {
                "cpu": 550,
                "memory_bytes": 542113792
            }
        },
        {
            "identity": {
                "name": "ip-10-1-1-41.eu-central-1.compute.internal",
                "kubelet_version": "v1.14.6",
                "operator_version": "5.3.0",
                "role": "master",
                "ip": "10.1.1.41",
                "hostname": "ip-10-1-1-41.eu-central-1.compute.internal",
                "instance_type": "m4.xlarge",
                "availability_region": "eu-central-1",
                "availability_zone": "eu-central-1c"
            },
            "machine": {
                "cpu_count": 4,
                "memory_capacity_bytes": 16818003968,
                "memory_allocatable_bytes": 14863458304,
                "ephemeral_storage_capacity_bytes": 5843333120,
                "ephemeral_storage_allocatable_bytes": 4769591296,
                "attachable_volume_allocatable_count": 39,
                "attachable_volume_capacity_count": 39,
                "docker_volume_size_gb": 10
            },
            "ready": true,
            "health": "green",
            "request_totals": {
                "cpu": 1650,
                "memory_bytes": 1735393280
            },
            "limit_totals": {
                "cpu": 900,
                "memory_bytes": 1022361600
            }
        },
        {
            "identity": {
                "name": "ip-10-1-1-42.eu-central-1.compute.internal",
                "kubelet_version": "v1.14.6",
                "operator_version": "5.3.0",
                "role": "worker",
                "ip": "10.1.1.42",
                "hostname": "ip-10-1-1-42.eu-central-1.compute.internal",
                "instance_type": "m4.xlarge",
                "availability_region": "eu-central-1",
                "availability_zone": "eu-central-1c"
            },
            "machine": {
                "cpu_count": 4,
                "memory_capacity_bytes": 16817954816,
                "memory_allocatable_bytes": 15400280064,
                "ephemeral_storage_capacity_bytes": 107321753600,
                "ephemeral_storage_allocatable_bytes": 106248011776,
                "attachable_volume_allocatable_count": 39,
                "attachable_volume_capacity_count": 39,
                "docker_volume_size_gb": 10
            },
            "ready": true,
            "health": "green",
            "request_totals": {
                "cpu": 1200,
                "memory_bytes": 1255145472
            },
            "limit_totals": {
                "cpu": 550,
                "memory_bytes": 542113792
            }
        }
    ]
}